// Jest Snapshot v1, https://goo.gl/fbAQLP

exports[`matrix should work correct initial render test 1`] = `
<table
  className="table"
>
  <tbody
    className="table__body"
  >
    <tr
      className="table__row"
    >
      <td
        className="table__button-wrapper"
      >
        <button
          className="table__button-remove"
          id="remove-btn0"
          onClick={[Function]}
        >
          Remove row
        </button>
      </td>
      <td
        className="table__cell"
        id="0-0"
        onClick={[Function]}
        onMouseOut={[Function]}
        onMouseOver={[Function]}
      >
        <p
          className="table__text"
          id="text:0-0"
        >
          432
        </p>
        <div
          className="table__percents"
          style={
            Object {
              "height": "0",
            }
          }
        />
      </td>
      <td
        className="table__cell"
        id="0-1"
        onClick={[Function]}
        onMouseOut={[Function]}
        onMouseOver={[Function]}
      >
        <p
          className="table__text"
          id="text:0-1"
        >
          123
        </p>
        <div
          className="table__percents"
          style={
            Object {
              "height": "0",
            }
          }
        />
      </td>
      <td
        className="table__cell"
        id="0-2"
        onClick={[Function]}
        onMouseOut={[Function]}
        onMouseOver={[Function]}
      >
        <p
          className="table__text"
          id="text:0-2"
        >
          534
        </p>
        <div
          className="table__percents"
          style={
            Object {
              "height": "0",
            }
          }
        />
      </td>
      <td
        className="table__cell"
        id="percents0"
        onMouseOut={[Function]}
        onMouseOver={[Function]}
      >
        1089
      </td>
    </tr>
    <tr
      className="table__row"
    >
      <td
        className="table__button-wrapper"
      >
        <button
          className="table__button-remove"
          id="remove-btn1"
          onClick={[Function]}
        >
          Remove row
        </button>
      </td>
      <td
        className="table__cell"
        id="1-0"
        onClick={[Function]}
        onMouseOut={[Function]}
        onMouseOver={[Function]}
      >
        <p
          className="table__text"
          id="text:1-0"
        >
          228
        </p>
        <div
          className="table__percents"
          style={
            Object {
              "height": "0",
            }
          }
        />
      </td>
      <td
        className="table__cell"
        id="1-1"
        onClick={[Function]}
        onMouseOut={[Function]}
        onMouseOver={[Function]}
      >
        <p
          className="table__text"
          id="text:1-1"
        >
          322
        </p>
        <div
          className="table__percents"
          style={
            Object {
              "height": "0",
            }
          }
        />
      </td>
      <td
        className="table__cell"
        id="1-2"
        onClick={[Function]}
        onMouseOut={[Function]}
        onMouseOver={[Function]}
      >
        <p
          className="table__text"
          id="text:1-2"
        >
          152
        </p>
        <div
          className="table__percents"
          style={
            Object {
              "height": "0",
            }
          }
        />
      </td>
      <td
        className="table__cell"
        id="percents1"
        onMouseOut={[Function]}
        onMouseOver={[Function]}
      >
        702
      </td>
    </tr>
    <tr
      className="table__row"
    >
      <td
        className="table__button-wrapper"
      >
        <button
          className="table__button-remove"
          id="remove-btn2"
          onClick={[Function]}
        >
          Remove row
        </button>
      </td>
      <td
        className="table__cell"
        id="2-0"
        onClick={[Function]}
        onMouseOut={[Function]}
        onMouseOver={[Function]}
      >
        <p
          className="table__text"
          id="text:2-0"
        >
          122
        </p>
        <div
          className="table__percents"
          style={
            Object {
              "height": "0",
            }
          }
        />
      </td>
      <td
        className="table__cell"
        id="2-1"
        onClick={[Function]}
        onMouseOut={[Function]}
        onMouseOver={[Function]}
      >
        <p
          className="table__text"
          id="text:2-1"
        >
          899
        </p>
        <div
          className="table__percents"
          style={
            Object {
              "height": "0",
            }
          }
        />
      </td>
      <td
        className="table__cell"
        id="2-2"
        onClick={[Function]}
        onMouseOut={[Function]}
        onMouseOver={[Function]}
      >
        <p
          className="table__text"
          id="text:2-2"
        >
          356
        </p>
        <div
          className="table__percents"
          style={
            Object {
              "height": "0",
            }
          }
        />
      </td>
      <td
        className="table__cell"
        id="percents2"
        onMouseOut={[Function]}
        onMouseOver={[Function]}
      >
        1377
      </td>
    </tr>
  </tbody>
  <tfoot
    className="table__footer"
  >
    <tr
      className="table__row-footer"
    >
      <td
        className="table__cell-avarange"
      >
        261
      </td>
      <td
        className="table__cell-avarange"
      >
        448
      </td>
      <td
        className="table__cell-avarange"
      >
        347
      </td>
      <td
        className="table__button-wrapper"
      >
        <button
          className="table__button-new"
          id="add-button"
          onClick={[Function]}
        >
          add row
        </button>
      </td>
    </tr>
  </tfoot>
</table>
`;
